#1 [internal] load local bake definitions
#1 reading from stdin 519B done
#1 DONE 0.0s

#2 [internal] load build definition from Dockerfile
#2 transferring dockerfile: 331B done
#2 DONE 0.0s

#3 [internal] load metadata for docker.io/library/debian:bullseye
#3 DONE 0.5s

#4 [internal] load .dockerignore
#4 transferring context: 2B done
#4 DONE 0.0s

#5 [1/5] FROM docker.io/library/debian:bullseye@sha256:f58b816c2acc96e3e1dfe6b6c166c3d52b5541571ac4fa72a64a0bb5beaf25a3
#5 DONE 0.0s

#6 [2/5] RUN			APT update && apt install -y inetutils-ping 				make 				gcc 				zsh 				curl 				git
#6 CACHED

#7 [3/5] RUN			SH -c "$(curl -fsSL https://raw.githubusercontent.com/ohmyzsh/ohmyzsh/master/tools/install.sh)"
#7 CACHED

#8 [4/5] WORKDIR		/FT_PING
#8 CACHED

#9 [5/5] RUN			LN -s /ft_ping/ft_ping /bin/ft_ping
#9 CACHED

#10 exporting to image
#10 exporting layers done
#10 writing image sha256:a3b334dc7582b556c28bef857ea9567a82426ff840c8dcaf124953c177ead721 done
#10 naming to docker.io/library/ft_ping done
#10 DONE 0.0s

#11 resolving provenance for metadata file
#11 DONE 0.0s
